<html>
<body>
<pre>
<h1>µVision Build Log</h1>
<h2>Tool Versions:</h2>
IDE-Version: ¦ÌVision V5.18.0.0
Copyright (C) 2016 ARM Ltd and ARM Germany GmbH. All rights reserved.
License Information: wang WLK, null, LIC=EXJJJ-UCZAR-H8BFS-LCJXB-QL62E-HSCHY
 
Tool Versions:
Toolchain:       MDK-ARM Standard  Version: 5.18
Toolchain Path:  M:\MDK\ARM\ARMCC\Bin
C Compiler:      Armcc.exe V5.06 update 1 (build 61)
Assembler:       Armasm.exe V5.06 update 1 (build 61)
Linker/Locator:  ArmLink.exe V5.06 update 1 (build 61)
Library Manager: ArmAr.exe V5.06 update 1 (build 61)
Hex Converter:   FromElf.exe V5.06 update 1 (build 61)
CPU DLL:         SARMCM3.DLL V5.18
Dialog DLL:      DCM.DLL V1.13.6.0
Target DLL:      STLink\ST-LINKIII-KEIL_SWO.dll V2.0.18.0
Dialog DLL:      TCM.DLL V1.14.8.0
 
<h2>Project:</h2>
E:\2015_Ìå²Ù×é_wlk\2016¡ª¡ª1\2016_1\USER\USART.uvproj
Project File Date:  05/14/2016

<h2>Output:</h2>
*** Using Compiler 'V5.06 update 1 (build 61)', folder: 'M:\MDK\ARM\ARMCC\Bin'
Rebuild target 'Target 1'
compiling stm32f10x_it.c...
compiling main.c...
compiling system_stm32f10x.c...
compiling led.c...
compiling key.c...
compiling action.c...
..\HARDWARE\dongzuo\action.c(2042): warning:  #1-D: last line of file ends without a newline
  	
..\HARDWARE\dongzuo\action.c: 1 warning, 0 errors
compiling delay.c...
compiling sys.c...
assembling startup_stm32f10x_hd.s...
compiling usart.c...
..\SYSTEM\usart\usart.c(29): warning:  #177-D: variable "NVIC_InitStructure" was declared but never referenced
  		NVIC_InitTypeDef NVIC_InitStructure;
..\SYSTEM\usart\usart.c(61): warning:  #177-D: variable "Res" was declared but never referenced
  	u8 Res;
..\SYSTEM\usart\usart.c(260): warning:  #69-D: integer conversion resulted in truncation
  	temp_sum=0xFE+0x02+0x05;
..\SYSTEM\usart\usart.c: 3 warnings, 0 errors
compiling core_cm3.c...
compiling misc.c...
compiling stm32f10x_gpio.c...
compiling stm32f10x_rcc.c...
compiling stm32f10x_usart.c...
linking...
Program Size: Code=17152 RO-data=336 RW-data=44 ZI-data=1636  
FromELF: creating hex file...
"..\OBJ\USART.axf" - 0 Error(s), 4 Warning(s).
Build Time Elapsed:  00:00:04
</pre>
</body>
</html>
